(() => {
  let c1 = 0;
  const n_1_1_text = document.querySelector('[data-sid="/1/1"]');
  const update_c1 = () => {
    n_1_1_text.textContent = String(c1);
  };
  document.querySelector('[data-sid="/1/0"]').onclick = (event) => {
    c1 = c1 + -1;
    update_c1();
  };
  document.querySelector('[data-sid="/1/2"]').onclick = (event) => {
    c1 = c1 + 1;
    update_c1();
  };
  document.querySelector('[data-sid="/1/3"]').onclick = (event) => {
    c1 = 0;
    update_c1();
  };
  window.__sigil_cells = new Proxy({}, { get(_, p) {
    if (p === "c1") return c1;
    return undefined;
  }});
})();
